
> web@0.0.0 dev
> vite


  VITE v6.4.1  ready in 493 ms

  ➜  Local:   http://localhost:5173/
  ➜  Network: use --host to expose
10:30:45 PM [vite] (client) hmr update /src/components/thread/index.tsx, /src/index.css
10:30:59 PM [vite] (client) hmr update /src/components/thread/index.tsx, /src/index.css
10:32:53 PM [vite] (client) hmr update /src/components/thread/index.tsx, /src/index.css
10:33:09 PM [vite] (client) hmr update /src/components/thread/index.tsx, /src/index.css
10:34:46 PM [vite] (client) hmr update /src/components/thread/index.tsx, /src/index.css
10:35:21 PM [vite] (client) hmr update /src/components/thread/index.tsx, /src/index.css
10:35:50 PM [vite] (client) hmr update /src/components/thread/index.tsx, /src/index.css
10:35:51 PM [vite] (client) hmr update /src/components/thread/index.tsx, /src/index.css
10:36:09 PM [vite] (client) hmr update /src/components/thread/index.tsx, /src/index.css
10:36:40 PM [vite] (client) hmr update /src/components/thread/index.tsx, /src/index.css
10:37:20 PM [vite] (client) hmr update /src/components/thread/index.tsx, /src/index.css
10:37:56 PM [vite] (client) hmr update /src/components/thread/index.tsx, /src/index.css
10:38:15 PM [vite] (client) hmr update /src/components/thread/index.tsx, /src/index.css
10:38:35 PM [vite] (client) hmr update /src/components/thread/index.tsx, /src/index.css
10:38:55 PM [vite] (client) hmr update /src/components/thread/index.tsx, /src/index.css
10:39:06 PM [vite] (client) hmr update /src/components/thread/index.tsx, /src/index.css
10:39:20 PM [vite] (client) hmr update /src/components/thread/index.tsx, /src/index.css
10:39:42 PM [vite] (client) hmr update /src/components/thread/index.tsx, /src/index.css
10:39:56 PM [vite] (client) hmr update /src/components/thread/index.tsx, /src/index.css
10:40:09 PM [vite] (client) hmr update /src/components/thread/index.tsx, /src/index.css
10:40:25 PM [vite] (client) hmr update /src/components/thread/index.tsx, /src/index.css
10:41:03 PM [vite] (client) hmr update /src/components/thread/index.tsx, /src/index.css
10:41:06 PM [vite] (client) hmr update /src/components/thread/index.tsx, /src/index.css
10:41:28 PM [vite] (client) hmr update /src/components/thread/index.tsx, /src/index.css
10:41:45 PM [vite] (client) hmr update /src/components/thread/index.tsx, /src/index.css
10:42:14 PM [vite] (client) hmr update /src/components/thread/index.tsx, /src/index.css
10:42:19 PM [vite] (client) hmr update /src/components/thread/index.tsx, /src/index.css
10:42:26 PM [vite] (client) hmr update /src/components/thread/index.tsx, /src/index.css
10:42:32 PM [vite] (client) hmr update /src/components/thread/index.tsx, /src/index.css
10:42:43 PM [vite] (client) hmr update /src/components/thread/index.tsx, /src/index.css
